---
source: crates/haneul-graphql-rpc/tests/snapshot_tests.rs
expression: sdl
---
type Address implements Owner {
	transactionBlockConnection(first: Int, after: String, last: Int, before: String, relation: AddressTransactionBlockRelationship, filter: TransactionBlockFilter): TransactionBlockConnection
	location: HaneulAddress!
	objectConnection(first: Int, after: String, last: Int, before: String, filter: ObjectFilter): ObjectConnection
	balance(type: String): Balance!
	balanceConnection(first: Int, after: String, last: Int, before: String): BalanceConnection
	coinConnection(first: Int, after: String, last: Int, before: String, type: String): CoinConnection
	stakeConnection(first: Int, after: String, last: Int, before: String): StakeConnection
	defaultNameServiceName: String
	nameServiceConnection(first: Int, after: String, last: Int, before: String): NameServiceConnection
}

enum AddressTransactionBlockRelationship {
	SIGN
	SENT
	RECV
	PAID
}

type AmbiguousOwner implements Owner {
	location: HaneulAddress!
	objectConnection(first: Int, after: String, last: Int, before: String, filter: ObjectFilter): ObjectConnection
	balance(type: String): Balance!
	balanceConnection(first: Int, after: String, last: Int, before: String): BalanceConnection
	coinConnection(first: Int, after: String, last: Int, before: String, type: String): CoinConnection
	stakeConnection(first: Int, after: String, last: Int, before: String): StakeConnection
	defaultNameServiceName: String
	nameServiceConnection(first: Int, after: String, last: Int, before: String): NameServiceConnection
}

type Balance {
	id: ID!
}

type BalanceConnection {
	unimplemented: Boolean!
}


type CoinConnection {
	unimplemented: Boolean!
}




type NameServiceConnection {
	unimplemented: Boolean!
}

type Object implements Owner {
	location: HaneulAddress!
	objectConnection(first: Int, after: String, last: Int, before: String, filter: ObjectFilter): ObjectConnection
	balance(type: String): Balance!
	balanceConnection(first: Int, after: String, last: Int, before: String): BalanceConnection
	coinConnection(first: Int, after: String, last: Int, before: String, type: String): CoinConnection
	stakeConnection(first: Int, after: String, last: Int, before: String): StakeConnection
	defaultNameServiceName: String
	nameServiceConnection(first: Int, after: String, last: Int, before: String): NameServiceConnection
}

type ObjectConnection {
	unimplemented: Boolean!
}

input ObjectFilter {
	package: HaneulAddress
	module: String
	ty: String
	owner: HaneulAddress
	objectId: HaneulAddress
	version: Int
}

interface Owner {
	location: HaneulAddress!
	objectConnection(first: Int, after: String, last: Int, before: String, filter: ObjectFilter): ObjectConnection
	balance(type: String): Balance!
	balanceConnection(first: Int, after: String, last: Int, before: String): BalanceConnection
	coinConnection(first: Int, after: String, last: Int, before: String, type: String): CoinConnection
	stakeConnection(first: Int, after: String, last: Int, before: String): StakeConnection
	defaultNameServiceName: String
	nameServiceConnection(first: Int, after: String, last: Int, before: String): NameServiceConnection
}

type Query {
	chainIdentifier: String!
	owner(address: HaneulAddress!): Owner
	object(address: HaneulAddress!, version: Int): Object
	address(address: HaneulAddress!): Address
}

type StakeConnection {
	unimplemented: Boolean!
}


"""
Representation of Haneul Addresses
"""
scalar HaneulAddress

type TransactionBlockConnection {
	unimplemented: Boolean!
}

input TransactionBlockFilter {
	package: HaneulAddress
	module: String
	function: String
	kind: TransactionBlockKindInput
	checkpoint: Int
	signAddress: HaneulAddress
	sentAddress: HaneulAddress
	recvAddress: HaneulAddress
	paidAddress: HaneulAddress
	inputObject: HaneulAddress
	changedObject: HaneulAddress
}

enum TransactionBlockKindInput {
	CONSENSUS_COMMIT_PROLOGUE
	GENESIS
	CHANGE_EPOCH
	PROGRAMMABLE
}

schema {
	query: Query
}

