---
source: external-crates/move/crates/move-transactional-test-runner/src/framework.rs
assertion_line: 908
---
processed 10 tasks

init:
A: object(0,0)

task 1, lines 10-12:
//# view-object 0,0
Owner: Account Address ( A )
Version: 1
Contents: haneul::coin::Coin<haneul::haneul::HANEUL> {
    id: haneul::object::UID {
        id: haneul::object::ID {
            bytes: fake(0,0),
        },
    },
    balance: haneul::balance::Balance<haneul::haneul::HANEUL> {
        value: 300000000000000u64,
    },
}

task 2, lines 13-16:
//# programmable --sender A --inputs 10000000000 @A
//> 0: SplitCoins(Gas, [Input(0)]);
//> 1: haneul::coin::into_balance<haneul::haneul::HANEUL>(Result(0));
//> 2: haneul::balance::send_funds<haneul::haneul::HANEUL>(Result(1), Input(1));
mutated: object(0,0)
accumulators_written: (object(2,0), A, haneul::balance::Balance<haneul::haneul::HANEUL>, Merge, 10000000000)
gas summary: computation_cost: 1000000, storage_cost: 988000,  storage_rebate: 0, non_refundable_storage_fee: 0

task 3, line 18:
//# create-checkpoint
Checkpoint created: 1

task 4, lines 20-22:
//# view-funds haneul::balance::Balance<haneul::haneul::HANEUL> A
10000000000

task 5, lines 23-25:
//# programmable --sender A --address-balance-gas
// Use the object, but not as gas
Error: Error checking transaction input objects: Wrong number of parameters for the transaction

task 6, lines 26-28:
//# programmable --sender A --address-balance-gas --inputs object(0,0)
// View gas coin after -- balance should be unchanged (except for the initial send_funds tx)
mutated: object(0,0)
accumulators_written: (object(2,0), A, haneul::balance::Balance<haneul::haneul::HANEUL>, Split, 1009880)
gas summary: computation_cost: 1000000, storage_cost: 988000,  storage_rebate: 978120, non_refundable_storage_fee: 9880

task 7, line 29:
//# view-object 0,0
Owner: Account Address ( A )
Version: 3
Contents: haneul::coin::Coin<haneul::haneul::HANEUL> {
    id: haneul::object::UID {
        id: haneul::object::ID {
            bytes: fake(0,0),
        },
    },
    balance: haneul::balance::Balance<haneul::haneul::HANEUL> {
        value: 299989998012000u64,
    },
}

task 8, line 31:
//# create-checkpoint
Checkpoint created: 2

task 9, line 33:
//# view-funds haneul::balance::Balance<haneul::haneul::HANEUL> A
9998990120
