---
source: external-crates/move/crates/move-transactional-test-runner/src/framework.rs
assertion_line: 908
---
processed 8 tasks

init:
A: object(0,0), B: object(0,1), C: object(0,2)

task 1, lines 9-11:
//# programmable --sender A --inputs 1000000000 @B
//> 0: SplitCoins(Gas, [Input(0)]);
//> 1: haneul::coin::send_funds<haneul::haneul::HANEUL>(Result(0), Input(1));
mutated: object(0,0)
accumulators_written: (object(1,0), B, haneul::balance::Balance<haneul::haneul::HANEUL>, Merge, 1000000000)
gas summary: computation_cost: 1000000, storage_cost: 988000,  storage_rebate: 0, non_refundable_storage_fee: 0

task 2, line 13:
//# create-checkpoint
Checkpoint created: 1

task 3, line 15:
//# view-funds haneul::balance::Balance<haneul::haneul::HANEUL> B
1000000000

task 4, lines 17-19:
//# view-object 0,1
Owner: Account Address ( B )
Version: 1
Contents: haneul::coin::Coin<haneul::haneul::HANEUL> {
    id: haneul::object::UID {
        id: haneul::object::ID {
            bytes: fake(0,1),
        },
    },
    balance: haneul::balance::Balance<haneul::haneul::HANEUL> {
        value: 300000000000000u64,
    },
}

task 5, line 20:
//# transfer-object --recipient A --sender B 0,1 --gas-budget 1000000000 --address-balance-gas
mutated: object(0,1)
accumulators_written: (object(1,0), B, haneul::balance::Balance<haneul::haneul::HANEUL>, Split, 1988000)
gas summary: computation_cost: 1000000, storage_cost: 988000,  storage_rebate: 0, non_refundable_storage_fee: 0

task 6, line 22:
//# create-checkpoint
Checkpoint created: 2

task 7, line 24:
//# view-funds haneul::balance::Balance<haneul::haneul::HANEUL> B
998012000
