---
source: external-crates/move/crates/move-transactional-test-runner/src/framework.rs
---
processed 1 task

task 0, lines 4-10:
//# publish
Error: Transaction Effects Status: Haneul Move Bytecode Verification Error. Please run the Haneul Move Verifier for more information.
Execution Error: ExecutionError: ExecutionError { inner: ExecutionErrorInner { kind: HaneulMoveVerificationError, source: Some("First field of struct S must be of type haneul::object::UID, Bool type found"), command: Some(0) } }
