---
source: crates/move-compiler/tests/move_check_testsuite.rs
info:
  flavor: haneul
  edition: legacy
  lint: false
---
error[Haneul E01001]: invalid object construction
   ┌─ tests/haneul_mode/id_leak/indirect_leak_through_call.move:15:18
   │
15 │         transfer(Foo { id });
   │                  ^^^^^^^^^^
   │                  │     │
   │                  │     The UID must come directly from `haneul::object::new`, or `haneul::derived_object::claim`. For tests, it can come from `haneul::test_scenario::new_object`
   │                  Invalid object creation without a newly created UID.
