---
source: crates/move-compiler/tests/move_check_testsuite.rs
info:
  flavor: haneul
  edition: legacy
  lint: false
---
error[Haneul E02007]: invalid object declaration
  ┌─ tests/haneul_mode/id_leak/invalid_object.move:2:12
  │
2 │     struct S has key {}
  │            ^     --- The 'key' ability is used to declare objects in Haneul
  │            │      
  │            Invalid object 'S'. Structs with the 'key' ability must have 'id: haneul::object::UID' as their first field
